=============================================================================
InterVar                                                                       
Interpretation of Pathogenic/Benign for variants using python scripts of InterVar.
=============================================================================

%prog 2.1.2 20180603
Written by Quan LI,leequan@gmail.com. 
InterVar is free for non-commercial use without warranty.
Please contact the authors for commercial use.
Copyright (C) 2016 Wang Genomic Lab
============================================================================

Notice: Your command of InterVar is ['/usr/local/apps/intervar/2.1.2/bin/Intervar.py', '-t', '/usr/local/apps/intervar/DOWNLOADS/InterVar/intervardb', '--annotate_variation=/usr/local/apps/annovar/2018-04-16/annotate_variation.pl', '--table_annovar=/usr/local/apps/annovar/2018-04-16/table_annovar.pl', '--convert2annovar=/usr/local/apps/annovar/2018-04-16/convert2annovar.pl', '-i', 'temp/test_trio__1,2,3,4,5,6,7,8,9,10,11,12,13,14,15,16,17,18,19,20,21,22,X,Y.avinput', '--input_type=AVinput', '-d', '/fdb/annovar/2018-04-16/hg19', '--evidence_file=/data/OGVFB/OGL_NGS/OGL.variants.evidence.txt', '-o', 'temp/test_trio__1,2,3,4,5,6,7,8,9,10,11,12,13,14,15,16,17,18,19,20,21,22,X,Y.avinput', '--skip_annovar']
Warning: You provided your own evidence file [ /data/OGVFB/OGL_NGS/OGL.variants.evidence.txt ] for the InterVar.
INFO: The options are {'pp2_genes': '/usr/local/apps/intervar/DOWNLOADS/InterVar/intervardb/PP2.genes.hg19', 'inputfile': 'temp/test_trio__1,2,3,4,5,6,7,8,9,10,11,12,13,14,15,16,17,18,19,20,21,22,X,Y.avinput', 'exclude_snps': '/usr/local/apps/intervar/DOWNLOADS/InterVar/intervardb/ext.variants.hg19', 'annotate_variation': './annotate_variation.pl', 'skip_annovar': True, 'ps4_snps': '/usr/local/apps/intervar/DOWNLOADS/InterVar/intervardb/PS4.variants.hg19', 'mim_domin': '/usr/local/apps/intervar/DOWNLOADS/InterVar/intervardb/mim_domin.txt', 'current_version': 'Intervar_20190327', 'bs2_snps': '/usr/local/apps/intervar/DOWNLOADS/InterVar/intervardb/BS2_hom_het.hg19', 'evidence_file': '/data/OGVFB/OGL_NGS/OGL.variants.evidence.txt', 'public_dev': 'https://github.com/WGLab/InterVar/releases', 'otherinfo': 'TRUE', 'database_names': 'refGene esp6500siv2_all 1000g2015aug avsnp147 dbnsfp33a clinvar_20190305 gnomad_genome dbscsnv11 dbnsfp31a_interpro rmsk ensGene knownGene', 'mim_pheno': '/usr/local/apps/intervar/DOWNLOADS/InterVar/intervardb/mim_pheno.txt', 'table_annovar': './table_annovar.pl', 'buildver': 'hg19', 'inputfile_type': 'AVinput', 'onetranscript': 'FALSE', 'mim2gene': '/usr/local/apps/intervar/DOWNLOADS/InterVar/intervardb/mim2gene.txt', 'orpha': '/usr/local/apps/intervar/DOWNLOADS/InterVar/intervardb/orpha.txt', 'ps1_aa': '/usr/local/apps/intervar/DOWNLOADS/InterVar/intervardb/PS1.AA.change.patho.hg19', 'mim_adultonset': '/usr/local/apps/intervar/DOWNLOADS/InterVar/intervardb/mim_adultonset.txt', 'knowngenecanonical': '/usr/local/apps/intervar/DOWNLOADS/InterVar/intervardb/knownGeneCanonical.txt.hg19', 'outfile': 'temp/test_trio__1,2,3,4,5,6,7,8,9,10,11,12,13,14,15,16,17,18,19,20,21,22,X,Y.avinput', 'morbidmap': '/usr/local/apps/intervar/DOWNLOADS/InterVar/intervardb/morbidmap', 'convert2annovar': './convert2annovar.pl', 'database_locat': '/fdb/annovar/2018-04-16/hg19', 'database_intervar': '/usr/local/apps/intervar/DOWNLOADS/InterVar/intervardb', 'lof_genes': '/usr/local/apps/intervar/DOWNLOADS/InterVar/intervardb/PVS1.LOF.genes.hg19', 'disorder_cutoff': '0.01', 'mim_recessive': '/usr/local/apps/intervar/DOWNLOADS/InterVar/intervardb/mim_recessive.txt', 'pm1_domain': '/usr/local/apps/intervar/DOWNLOADS/InterVar/intervardb/PM1_domains_with_benigns.hg19', 'mim_orpha': '/usr/local/apps/intervar/DOWNLOADS/InterVar/intervardb/mim_orpha.txt', 'bp1_genes': '/usr/local/apps/intervar/DOWNLOADS/InterVar/intervardb/BP1.genes.hg19'} 
Warning: the folder of /fdb/annovar/2018-04-16/hg19 is already created!
Warning: The Annovar file [ ./annotate_variation.pl ] is not here,please download ANNOVAR firstly: http://www.openbioinformatics.org/annovar
Warning: You activated the option of --skip_annovar, the Annovar will not run!
Warning: The InterVar will interpret the variants based on your old annotation information!
Notice: Begin the variants interpretation by InterVar 
Notice: About 999 lines in your variant file! 
Notice: About 1482 variants has been processed by InterVar
Notice: The InterVar is finished, the output file is [ temp/test_trio__1,2,3,4,5,6,7,8,9,10,11,12,13,14,15,16,17,18,19,20,21,22,X,Y.avinput.hg19_multianno.txt.intervar ]
=============================================================================
Thanks for using InterVar!
Report bugs to leequan@gmail.com;
InterVar homepage: <http://wInterVar.wglab.org>
=============================================================================

